#fsdb -F S client identity userid time method resource protocol status size refer useragent
foo.example.com  -  -  [01/Jan/2007:00:00:01 -0800]  GET  /~moll/wedding/index.html  HTTP/1.0  200  2390  "-"  "Mozilla/5.0 (compatible; Yahoo! Slurp; http://help.yahoo.com/help/us/ysearch/slurp)"
127.0.0.1  -  -  [01/Jan/2007:00:00:02 -0800]  GET  /hpdc2007/  HTTP/1.1  304  -  "http://grid.hust.edu.cn:8080/call/cfp.jsp"  "Mozilla/4.0 (compatible; MSIE 7.0; Windows NT 5.1; InfoPath.1; InfoPath.2)"
bar.example.com  -  -  [31/Dec/2006:23:51:40 -0800]  GET  /nsnam/dist/ns-allinone-2.29.2.tar.gz  HTTP/1.1  206  58394090  "file://D:\\\xce\xd2\xb5\xc4\xce\xc4\xb5\xb5\\ns2\\XP_Using_Cygwin.htm#Windows_Support_for_Ns-2.27_and_Earlier"  "Mozilla/4.0 (compatible; MSIE 5.00; Windows 98)"
127.0.0.1  -  -  [01/Jan/2007:00:00:02 -0800]  GET  /hpdc2007/hpdc.css  HTTP/1.1  304  -  "http://www.isi.edu/hpdc2007/"  "Mozilla/4.0 (compatible; MSIE 7.0; Windows NT 5.1; InfoPath.1; InfoPath.2)"
#   | combined_log_format_to_db
