#fsdb correlation
0.83329
#   | dbcolscorrelate --sample test1 test2
