#fsdb account
johnh
greg
root
# this is a simple database
#   | dbcol account
