dbcolrename: column `bogus_fullname' is not in input stream.
 at blib/script/dbcolrename line 115.
