#fsdb sid cid
1	10
2
# *** line above is missing field cid.
1	12
2	12
# *** dbfilevalidate: some lines had errors.
#   | dbfilevalidate
