#fsdb -F S experiment mean stddev pct_rsd conf_range conf_low conf_high conf_pct sum sum_squared min max n
ufs mab sys  37.25  0.070711  0.18983  0.6353  36.615  37.885  0.95  74.5  2775.1  37.2  37.3  2
ufs rcp real  271.2  9.4752  3.4938  85.13  186.07  356.33  0.95  542.4  1.4719e+05  264.5  277.9  2
# test trailing comment
#   | dbmapreduce -k experiment -- dbcolstats --nolog -F S duration
