#fsdb experiment n
ufs_mab_sys	2
ufs_rcp_real	2
#   | dbmapreduce -k experiment -f TEST/dbmapreduce_sub_simple.pl -C simple_reducer
