#fsdb experiment mean stddev pct_rsd conf_range conf_low conf_high conf_pct sum sum_squared min max n
-	-	-	-	-	-	-	0.95	0	0	-	-	0
#   | dbmapreduce -k experiment -C dbcolstats(qw(--nolog duration))
