#fsdb cid cname
11	numanal
12	os
10	pascal
13	statistics
#   | dbmerge --input - --input TEST/dbmerge_ex_b.in cname
