#fsdb event count
_null_getpage+128	6
#  | /home/johnh/BIN/DB/dbcol event
#  | /home/johnh/BIN/DB/dbsort event
_null_getpage+4	6
#   | dbrowuniq -c
