#fsdb n
6
#  | /home/johnh/BIN/DB/dbrow 
#  | /home/johnh/BIN/DB/dbcol event clock
#  | dbrowdiff clock
#  | /home/johnh/BIN/DB/dbcol absdiff
#   | dbfilealter -R C
#   | dbrowcount
